// Jest Snapshot v1, https://goo.gl/fbAQLP

exports[`Content Component Auth Test Should pass snapshot test 1`] = `"<div class=\\"Content\\" data-test=\\"content\\"><h2> You have successfully logged in. </h2><button data-test=\\"logout-btn\\" class=\\"btn btn-primary\\"><i class=\\"fas fa-sign-out-alt\\"></i> Logout</button></div>"`;

exports[`Content Component No Auth Test Should pass snapshot test 1`] = `null`;
